#name "eof_string.cl"
#1 ERROR "EOF in string constant"
