_program
  _class
    A
    Object
    "good.cl"
    (
    )
  _class
    B
    A
    "good.cl"
    (
    )
  _class
    C
    Object
    "good.cl"
    (
    _attr
      a
      Int
      _no_expr
      : _no_type
    )
  _class
    D
    C
    "good.cl"
    (
    _attr
      a
      Int
      _no_expr
      : _no_type
    )
  _class
    E
    Object
    "good.cl"
    (
    _attr
      x
      Int
      _no_expr
      : _no_type
    _attr
      y
      Int
      _int
        10
      : _no_type
    _attr
      b1
      Bool
      _no_expr
      : _no_type
    _attr
      b2
      Bool
      _bool
        1
      : _no_type
    _method
      zeroArg
      Int
      _int
        0
      : _no_type
    _method
      oneArg
      _formal
        a
        Int
      Int
      _int
        1
      : _no_type
    _method
      twoArg
      _formal
        a
        Int
      _formal
        b
        Int
      Int
      _int
        2
      : _no_type
    _method
      threeArg
      _formal
        a
        Int
      _formal
        b
        Int
      _formal
        c
        Int
      Int
      _int
        3
      : _no_type
    _method
      exprTest
      _formal
        a
        Int
      _formal
        b
        Int
      _formal
        c
        Int
      Int
      _block
        _assign
          x
          _object
            a
          : _no_type
        : _no_type
        _assign
          x
          _plus
            _object
              a
            : _no_type
            _object
              b
            : _no_type
          : _no_type
        : _no_type
        _assign
          x
          _sub
            _object
              a
            : _no_type
            _object
              b
            : _no_type
          : _no_type
        : _no_type
        _assign
          x
          _mul
            _object
              a
            : _no_type
            _object
              b
            : _no_type
          : _no_type
        : _no_type
        _assign
          x
          _divide
            _object
              a
            : _no_type
            _object
              b
            : _no_type
          : _no_type
        : _no_type
        _assign
          x
          _neg
            _object
              a
            : _no_type
          : _no_type
        : _no_type
        _assign
          b1
          _bool
            1
          : _no_type
        : _no_type
        _assign
          b1
          _bool
            0
          : _no_type
        : _no_type
        _assign
          b1
          _comp
            _bool
              0
            : _no_type
          : _no_type
        : _no_type
        _assign
          b1
          _comp
            _object
              b1
            : _no_type
          : _no_type
        : _no_type
        _assign
          b1
          _lt
            _object
              x
            : _no_type
            _object
              y
            : _no_type
          : _no_type
        : _no_type
        _assign
          b1
          _leq
            _object
              x
            : _no_type
            _object
              y
            : _no_type
          : _no_type
        : _no_type
        _assign
          b1
          _eq
            _object
              x
            : _no_type
            _object
              y
            : _no_type
          : _no_type
        : _no_type
      : _no_type
    )
  _class
    F
    Object
    "good.cl"
    (
    _method
      init0
      Int
      _block
        _dispatch
          _new
            F
          : _no_type
          init0
          (
          )
        : _no_type
        _dispatch
          _object
            self
          : _no_type
          init0
          (
          )
        : _no_type
      : _no_type
    _method
      init
      _formal
        obj
        F
      Int
      _block
        _dispatch
          _new
            F
          : _no_type
          init
          (
          _new
            F
          : _no_type
          )
        : _no_type
        _dispatch
          _object
            self
          : _no_type
          init
          (
          _new
            F
          : _no_type
          )
        : _no_type
        _dispatch
          _object
            self
          : _no_type
          init
          (
          _new
            F
          : _no_type
          )
        : _no_type
        _dispatch
          _object
            self
          : _no_type
          init
          (
          _new
            F
          : _no_type
          )
        : _no_type
      : _no_type
    _method
      init2
      _formal
        obj
        F
      _formal
        b
        Int
      Int
      _dispatch
        _new
          F
        : _no_type
        init2
        (
        _new
          F
        : _no_type
        _int
          2
        : _no_type
        )
      : _no_type
    _method
      init4
      _formal
        obj
        F
      _formal
        b
        Int
      _formal
        d
        Boolean
      Int
      _static_dispatch
        _new
          F
        : _no_type
        E
        init4
        (
        _new
          F
        : _no_type
        _int
          2
        : _no_type
        _bool
          0
        : _no_type
        )
      : _no_type
    )
  _class
    G
    Object
    "good.cl"
    (
    _method
      myfunc
      Int
      _let
        a
        Int
        _no_expr
        : _no_type
        _let
          b
          Int
          _int
            2
          : _no_type
          _let
            z
            Int
            _int
              999
            : _no_type
            _let
              c
              String
              _string
                "abc"
              : _no_type
              _block
                _assign
                  a
                  _plus
                    _object
                      a
                    : _no_type
                    _object
                      b
                    : _no_type
                  : _no_type
                : _no_type
              : _no_type
            : _no_type
          : _no_type
        : _no_type
      : _no_type
    )
